[ceramax.netlify.app/dashboard/index-dashboard.html]
[backblue.gif]
[fade.gif]
[index.html]
[ceramax.netlify.app/assets/images/favicon.png]
[ceramax.netlify.app/assets/images/apple-touch-icon-57-precomposed.png]
[ceramax.netlify.app/assets/images/apple-touch-icon-114-precomposed.png]
[ceramax.netlify.app/assets/images/apple-touch-icon-72-precomposed.png]
[ceramax.netlify.app/assets/images/apple-touch-icon-144-precomposed.png]
[ceramax.netlify.app/assets/plugins/pace/pace-theme-flash.css]
[ceramax.netlify.app/assets/plugins/bootstrap/css/bootstrap.min.css]
[ceramax.netlify.app/assets/plugins/bootstrap/css/bootstrap-theme.min.css]
[ceramax.netlify.app/assets/fonts/font-awesome/css/font-awesome.css]
[ceramax.netlify.app/assets/fonts/webfont/cryptocoins.css]
[ceramax.netlify.app/assets/css/animate.min.css]
[ceramax.netlify.app/assets/plugins/perfect-scrollbar/perfect-scrollbar.css]
[ceramax.netlify.app/assets/plugins/jvectormap/jquery-jvectormap-2.0.1.css]
[ceramax.netlify.app/assets/css/style.css]
[ceramax.netlify.app/data/profile/avatar-1.png]
[ceramax.netlify.app/data/profile/avatar-2.png]
[ceramax.netlify.app/data/profile/avatar-3.png]
[ceramax.netlify.app/data/profile/avatar-4.png]
[ceramax.netlify.app/data/profile/avatar-5.png]
[ceramax.netlify.app/data/profile/profile.jpg]
[ceramax.netlify.app/dashboard/account-confirmation.html]
[ceramax.netlify.app/dashboard/ui-profile.html]
[ceramax.netlify.app/dashboard/ui-support.html]
[ceramax.netlify.app/dashboard/ui-login.html]
[ceramax.netlify.app/dashboard/index-trading-view.html]
[ceramax.netlify.app/dashboard/index-ico-admin.html]
[ceramax.netlify.app/dashboard/index-ico-user.html]
[ceramax.netlify.app/dashboard/buy-and-sell.html]
[ceramax.netlify.app/data/icons/coins.png]
[ceramax.netlify.app/dashboard/payment-gateways.html]
[ceramax.netlify.app/dashboard/affailite-program.html]
[ceramax.netlify.app/dashboard/my-wallet.html]
[ceramax.netlify.app/data/icons/wallet-o.png]
[ceramax.netlify.app/dashboard/security.html]
[ceramax.netlify.app/dashboard/settings.html]
[ceramax.netlify.app/dashboard/ui-register.html]
[ceramax.netlify.app/dashboard/ui-404.html]
[ceramax.netlify.app/dashboard/ui-faq.html]
[ceramax.netlify.app/dashboard/layout-default.html]
[ceramax.netlify.app/dashboard/layout-collapsed.html]
[ceramax.netlify.app/dashboard/layout-chat.html]
[ceramax.netlify.app/dashboard/layout-boxed.html]
[ceramax.netlify.app/dashboard/layout-boxed-collapsed.html]
[ceramax.netlify.app/dashboard/layout-boxed-chat.html]
[ceramax.netlify.app/dashboard/mail-inbox.html]
[ceramax.netlify.app/dashboard/mail-compose.html]
[ceramax.netlify.app/dashboard/mail-view.html]
[ceramax.netlify.app/dashboard/chat-api.html]
[ceramax.netlify.app/dashboard/chat-windows.html]
[ceramax.netlify.app/dashboard/charts-echart-line.html]
[ceramax.netlify.app/dashboard/charts-echart-bar.html]
[ceramax.netlify.app/dashboard/charts-morris-line.html]
[ceramax.netlify.app/dashboard/charts-morris-bar.html]
[ceramax.netlify.app/dashboard/charts-morris-area.html]
[ceramax.netlify.app/dashboard/charts-morris-pie.html]
[ceramax.netlify.app/dashboard/charts-chartjs-line.html]
[ceramax.netlify.app/dashboard/charts-chartjs-bar.html]
[ceramax.netlify.app/dashboard/charts-chartjs-pie-donut.html]
[ceramax.netlify.app/dashboard/charts-flot-area.html]
[ceramax.netlify.app/dashboard/charts-flot-line.html]
[ceramax.netlify.app/dashboard/charts-sparkline-line.html]
[ceramax.netlify.app/dashboard/charts-sparkline-bar.html]
[ceramax.netlify.app/dashboard/charts-sparkline-composite.html]
[ceramax.netlify.app/dashboard/ui-timeline-centered.html]
[ceramax.netlify.app/dashboard/ui-timeline-left.html]
[ceramax.netlify.app/dashboard/ui-pricing-expanded.html]
[ceramax.netlify.app/dashboard/ui-pricing-narrow.html]
[ceramax.netlify.app/dashboard/ui-icons.html]
[ceramax.netlify.app/dashboard/ui-fontawesome.html]
[ceramax.netlify.app/dashboard/ui-glyphicons.html]
[ceramax.netlify.app/dashboard/form-elements.html]
[ceramax.netlify.app/dashboard/form-elements-premade.html]
[ceramax.netlify.app/dashboard/form-elements-icheck.html]
[ceramax.netlify.app/dashboard/form-elements-grid.html]
[ceramax.netlify.app/dashboard/form-wizard.html]
[ceramax.netlify.app/dashboard/form-validation.html]
[ceramax.netlify.app/dashboard/ui-tabs.html]
[ceramax.netlify.app/dashboard/ui-accordion.html]
[ceramax.netlify.app/dashboard/ui-progress.html]
[ceramax.netlify.app/dashboard/ui-buttons.html]
[ceramax.netlify.app/dashboard/ui-modals.html]
[ceramax.netlify.app/dashboard/ui-alerts.html]
[ceramax.netlify.app/dashboard/ui-notifications.html]
[ceramax.netlify.app/dashboard/ui-tooltips.html]
[ceramax.netlify.app/dashboard/ui-popovers.html]
[ceramax.netlify.app/dashboard/ui-navbars.html]
[ceramax.netlify.app/dashboard/ui-dropdowns.html]
[ceramax.netlify.app/dashboard/ui-breadcrumbs.html]
[ceramax.netlify.app/dashboard/ui-pagination.html]
[ceramax.netlify.app/dashboard/ui-labels-badges.html]
[ceramax.netlify.app/dashboard/ui-typography.html]
[ceramax.netlify.app/dashboard/ui-grids.html]
[ceramax.netlify.app/dashboard/ui-panels.html]
[ceramax.netlify.app/dashboard/ui-group-list.html]
[ceramax.netlify.app/data/profile/profile-blog.jpg]
[ceramax.netlify.app/data/profile/profile-crm.jpg]
[ceramax.netlify.app/assets/js/jquery-1.11.2.min.js]
[ceramax.netlify.app/assets/js/jquery.easing.min.js]
[ceramax.netlify.app/assets/plugins/bootstrap/js/bootstrap.min.js]
[ceramax.netlify.app/assets/plugins/pace/pace.min.js]
[ceramax.netlify.app/assets/plugins/perfect-scrollbar/perfect-scrollbar.min.js]
[ceramax.netlify.app/assets/plugins/viewport/viewportchecker.js]
[ceramax.netlify.app/assets/plugins/echarts/echarts-custom-for-dashboard.js]
[ceramax.netlify.app/assets/plugins/flot-chart/jquery.flot.js]
[ceramax.netlify.app/assets/plugins/flot-chart/jquery.flot.time.js]
[ceramax.netlify.app/assets/js/chart-flot.js]
[ceramax.netlify.app/assets/plugins/morris-chart/js/raphael-min.js]
[ceramax.netlify.app/assets/plugins/morris-chart/js/morris.min.js]
[ceramax.netlify.app/assets/js/chart-morris.js]
[ceramax.netlify.app/dashboard/index-dashboard.html]
[ceramax.netlify.app/assets/plugins/pace/pace-theme-flash.css]
[ceramax.netlify.app/assets/plugins/bootstrap/css/bootstrap.min.css]
[ceramax.netlify.app/assets/plugins/bootstrap/css/bootstrap-theme.min.css]
[ceramax.netlify.app/assets/fonts/font-awesome/css/font-awesome.css]
[ceramax.netlify.app/assets/js/scripts.js]
[ceramax.netlify.app/assets/fonts/webfont/cryptocoins.woff2]
[ceramax.netlify.app/assets/fonts/webfont/cryptocoins.woff]
[ceramax.netlify.app/assets/fonts/webfont/cryptocoins.ttf]
[ceramax.netlify.app/assets/fonts/webfont/cryptocoins.css]
[ceramax.netlify.app/assets/css/animate.min.css]
[ceramax.netlify.app/assets/plugins/perfect-scrollbar/perfect-scrollbar.css]
[ceramax.netlify.app/assets/plugins/jvectormap/jquery-jvectormap-2.0.1.css]
[ceramax.netlify.app/assets/plugins/morris-chart/css/morris.css]
[ceramax.netlify.app/assets/plugins/dropzone/images/custom-dropzone.png]
[ceramax.netlify.app/assets/images/login-logo.75.delayed]
[ceramax.netlify.app/assets/images/intro.png]
[ceramax.netlify.app/assets/images/logo.png]
[ceramax.netlify.app/assets/images/logo-folded.png]
[ceramax.netlify.app/assets/css/style.css]
[ceramax.netlify.app/assets/css/responsive.css]
[ceramax.netlify.app/assets/plugins/icheck/skins/all.css]
[ceramax.netlify.app/data/icons/two-factor.png]
[ceramax.netlify.app/data/icons/upload-id.png]
[ceramax.netlify.app/data/icons/home-location.png]
[ceramax.netlify.app/data/icons/qr.png]
[ceramax.netlify.app/data/icons/id-card.png]
[ceramax.netlify.app/assets/plugins/jquery-validation/js/jquery.validate.min.js]
[ceramax.netlify.app/assets/plugins/jquery-validation/js/additional-methods.min.js]
[ceramax.netlify.app/dashboard/account-confirmation.html]
[ceramax.netlify.app/assets/js/form-validation.js]
[ceramax.netlify.app/data/profile/user.png]
[ceramax.netlify.app/dashboard/ui-profile.html]
[ceramax.netlify.app/assets/plugins/autosize/autosize.min.js]
[ceramax.netlify.app/data/icons/i1.png]
[ceramax.netlify.app/data/icons/i2.png]
[ceramax.netlify.app/data/icons/i3.png]
[ceramax.netlify.app/data/icons/i4.png]
[ceramax.netlify.app/data/icons/i5.png]
[ceramax.netlify.app/data/icons/i6.png]
[ceramax.netlify.app/dashboard/ui-support.html]
[ceramax.netlify.app/data/icons/padlock.png]
[ceramax.netlify.app/dashboard/ui-login.html]
[ceramax.netlify.app/assets/plugins/jquery-ui/smoothness/jquery-ui.min.css]
[ceramax.netlify.app/assets/plugins/sparkline-chart/jquery.sparkline.min.js]
[ceramax.netlify.app/dashboard/index-trading-view.html]
[ceramax.netlify.app/assets/js/trade-view-dashboard.js]
[ceramax.netlify.app/assets/plugins/jvectormap/jquery-jvectormap-2.0.1.min.js]
[ceramax.netlify.app/assets/plugins/jvectormap/jquery-jvectormap-world-mill-en.js]
[ceramax.netlify.app/assets/plugins/ico/highcharts.js]
[ceramax.netlify.app/assets/plugins/ico/create-highcarts.js]
[ceramax.netlify.app/dashboard/index-ico-admin.html]
[ceramax.netlify.app/data/icons/ico-lg.png]
[ceramax.netlify.app/data/icons/ico-so.png]
[ceramax.netlify.app/data/icons/ico-sw.png]
[ceramax.netlify.app/data/icons/affailites.png]
[ceramax.netlify.app/assets/plugins/echarts/echarts-all.js]
[ceramax.netlify.app/dashboard/index-ico-user.html]
[ceramax.netlify.app/assets/js/chart-echarts.js]
[ceramax.netlify.app/data/icons/sell-icon-lg.png]
[ceramax.netlify.app/data/icons/sell-icon-so.png]
[ceramax.netlify.app/data/icons/sell-icon-sw.png]
[ceramax.netlify.app/data/icons/buy-icon-lg.png]
[ceramax.netlify.app/data/icons/buy-icon-so.png]
[ceramax.netlify.app/data/icons/buy-icon-sw.png]
[ceramax.netlify.app/data/icons/exchange-icon-lg.png]
[ceramax.netlify.app/data/icons/exchange-icon-so.png]
[ceramax.netlify.app/data/icons/exchange-icon-sw.png]
[ceramax.netlify.app/data/icons/exchange-arrows.png]
[ceramax.netlify.app/dashboard/buy-and-sell.html]
[ceramax.netlify.app/data/payment-gateways/paypal.png]
[ceramax.netlify.app/data/payment-gateways/perfect-money.png]
[ceramax.netlify.app/data/payment-gateways/blockchain.png]
[ceramax.netlify.app/data/payment-gateways/stripe.jpg]
[ceramax.netlify.app/data/payment-gateways/skrill.jpg]
[ceramax.netlify.app/data/payment-gateways/coingate.jpg]
[ceramax.netlify.app/data/payment-gateways/coinpayment.jpg]
[ceramax.netlify.app/data/payment-gateways/block-io.jpg]
[ceramax.netlify.app/dashboard/payment-gateways.html]
[ceramax.netlify.app/assets/plugins/icheck/icheck.min.js]
[ceramax.netlify.app/data/dashelements/affiliate-img.png]
[ceramax.netlify.app/data/icons/level1.png]
[ceramax.netlify.app/data/icons/level2.png]
[ceramax.netlify.app/data/icons/level3.png]
[ceramax.netlify.app/data/icons/level4.png]
[ceramax.netlify.app/assets/plugins/chartjs-chart/Chart.min.js]
[ceramax.netlify.app/dashboard/affailite-program.html]
[ceramax.netlify.app/dashboard/my-wallet.html]
[ceramax.netlify.app/assets/js/chart-chartjs.js]
[ceramax.netlify.app/data/icons/sec-level1.png]
[ceramax.netlify.app/data/icons/sec-level2.png]
[ceramax.netlify.app/data/icons/sec-level3.png]
[ceramax.netlify.app/data/icons/email-verification.png]
[ceramax.netlify.app/data/icons/backup.png]
[ceramax.netlify.app/data/icons/pass-hint.png]
[ceramax.netlify.app/dashboard/security.html]
[ceramax.netlify.app/data/icons/default-avatar.png]
[ceramax.netlify.app/dashboard/settings.html]
[ceramax.netlify.app/data/icons/signup.png]
[ceramax.netlify.app/dashboard/ui-register.html]
[ceramax.netlify.app/dashboard/ui-404.html]
[ceramax.netlify.app/dashboard/ui-faq.html]
[ceramax.netlify.app/dashboard/layout-default.html]
[ceramax.netlify.app/dashboard/layout-collapsed.html]
[ceramax.netlify.app/dashboard/layout-chat.html]
[ceramax.netlify.app/dashboard/layout-boxed.html]
[ceramax.netlify.app/dashboard/layout-boxed-collapsed.html]
[ceramax.netlify.app/dashboard/layout-boxed-chat.html]
[ceramax.netlify.app/assets/plugins/icheck/skins/minimal/minimal.css]
[ceramax.netlify.app/dashboard/mail-sent.html]
[ceramax.netlify.app/dashboard/mail-drafts.html]
[ceramax.netlify.app/dashboard/mail-important.html]
[ceramax.netlify.app/dashboard/mail-inbox.html]
[ceramax.netlify.app/dashboard/mail-trash.html]
[ceramax.netlify.app/assets/plugins/bootstrap3-wysihtml5/css/bootstrap3-wysihtml5.min.css]
[ceramax.netlify.app/assets/plugins/tagsinput/css/bootstrap-tagsinput.css]
[ceramax.netlify.app/assets/plugins/tagsinput/js/bootstrap-tagsinput.min.js]
[ceramax.netlify.app/dashboard/mail-compose.html]
[ceramax.netlify.app/assets/plugins/bootstrap3-wysihtml5/js/bootstrap3-wysihtml5.all.min.js]
[ceramax.netlify.app/data/dashelements/attach-1.png]
[ceramax.netlify.app/dashboard/mail-view.html]
[ceramax.netlify.app/dashboard/chat-api.html]
[ceramax.netlify.app/dashboard/chat-windows.html]
[ceramax.netlify.app/assets/plugins/icheck/skins/minimal/white.css]
[ceramax.netlify.app/dashboard/charts-echart-line.html]
[ceramax.netlify.app/dashboard/charts-echart-bar.html]
[ceramax.netlify.app/dashboard/charts-morris-line.html]
[ceramax.netlify.app/dashboard/charts-morris-bar.html]
[ceramax.netlify.app/dashboard/charts-morris-area.html]
[ceramax.netlify.app/dashboard/charts-morris-pie.html]
[ceramax.netlify.app/dashboard/charts-chartjs-line.html]
[ceramax.netlify.app/dashboard/charts-chartjs-bar.html]
[ceramax.netlify.app/dashboard/charts-chartjs-pie-donut.html]
[ceramax.netlify.app/dashboard/charts-flot-stacked.c5.delayed]
[ceramax.netlify.app/assets/plugins/flot-chart/jquery.flot.fillbetween.js]
[ceramax.netlify.app/assets/plugins/flot-chart/jquery.flot.navigate.js]
[ceramax.netlify.app/assets/plugins/flot-chart/jquery.flot.pie.js]
[ceramax.netlify.app/assets/plugins/flot-chart/jquery.flot.stack.js]
[ceramax.netlify.app/assets/plugins/flot-chart/jquery.flot.crosshair.js]
[ceramax.netlify.app/dashboard/charts-flot-area.html]
[ceramax.netlify.app/dashboard/charts-flot-line.html]
[ceramax.netlify.app/assets/plugins/flot-chart/jquery.flot.selection.js]
[ceramax.netlify.app/dashboard/charts-sparkline-line.html]
[ceramax.netlify.app/dashboard/charts-sparkline-bar.html]
[ceramax.netlify.app/dashboard/charts-sparkline-composite.html]
[ceramax.netlify.app/dashboard/ui-timeline-centered.html]
[ceramax.netlify.app/dashboard/ui-timeline-left.html]
[ceramax.netlify.app/dashboard/ui-pricing-expanded.html]
[ceramax.netlify.app/dashboard/ui-pricing-narrow.html]
[ceramax.netlify.app/dashboard/ui-icons.html]
[ceramax.netlify.app/dashboard/ui-fontawesome.html]
[ceramax.netlify.app/dashboard/ui-glyphicons.html]
[ceramax.netlify.app/dashboard/form-elements.html]
[ceramax.netlify.app/dashboard/form-elements-premade.html]
[ceramax.netlify.app/dashboard/form-elements-icheck.html]
[ceramax.netlify.app/dashboard/form-elements-grid.html]
[ceramax.netlify.app/assets/js/chart-sparkline.js]
[ceramax.netlify.app/dashboard/form-wizard.html]
[ceramax.netlify.app/dashboard/form-validation.html]
[ceramax.netlify.app/dashboard/ui-tabs.html]
[ceramax.netlify.app/dashboard/ui-accordion.html]
[ceramax.netlify.app/dashboard/ui-progress.html]
[ceramax.netlify.app/dashboard/ui-buttons.html]
[ceramax.netlify.app/dashboard/ui-modals.html]
[ceramax.netlify.app/dashboard/ui-alerts.html]
[ceramax.netlify.app/assets/plugins/bootstrap-wizard/jquery.bootstrap.wizard.min.js]
[ceramax.netlify.app/assets/plugins/messenger/css/messenger.css]
[ceramax.netlify.app/assets/plugins/messenger/css/messenger-theme-future.css]
[ceramax.netlify.app/assets/plugins/messenger/css/messenger-theme-flat.css]
[ceramax.netlify.app/assets/plugins/messenger/js/messenger.min.js]
[ceramax.netlify.app/assets/plugins/messenger/js/messenger-theme-future.js]
[ceramax.netlify.app/dashboard/ui-notifications.html]
[ceramax.netlify.app/dashboard/ui-tooltips.html]
[ceramax.netlify.app/dashboard/ui-popovers.html]
[ceramax.netlify.app/dashboard/ui-navbars.html]
[ceramax.netlify.app/dashboard/ui-dropdowns.html]
[ceramax.netlify.app/dashboard/ui-breadcrumbs.html]
[ceramax.netlify.app/dashboard/ui-pagination.html]
[ceramax.netlify.app/dashboard/ui-labels-badges.html]
[ceramax.netlify.app/dashboard/ui-typography.html]
[ceramax.netlify.app/dashboard/ui-grids.html]
[ceramax.netlify.app/assets/js/messenger.js]
[ceramax.netlify.app/dashboard/ui-panels.html]
[ceramax.netlify.app/dashboard/ui-group-list.html]
[ceramax.netlify.app/assets/images/login-logo.html]
[ceramax.netlify.app/assets/plugins/jquery-ui/smoothness/jquery-ui.min.js]
[ceramax.netlify.app/assets/plugins/icheck/skins/minimal/_all.css]
[ceramax.netlify.app/assets/plugins/icheck/skins/square/_all.css]
[ceramax.netlify.app/assets/plugins/icheck/skins/flat/_all.css]
[ceramax.netlify.app/assets/plugins/icheck/skins/all.css]
[ceramax.netlify.app/assets/plugins/icheck/skins/line/_all.css]
[ceramax.netlify.app/assets/plugins/jquery-ui/smoothness/images/ui-bg_highlight-soft_75_cccccc_1x100.png]
[ceramax.netlify.app/assets/plugins/jquery-ui/smoothness/images/ui-bg_glass_75_e6e6e6_1x400.png]
[ceramax.netlify.app/assets/plugins/jquery-ui/smoothness/images/ui-bg_glass_75_dadada_1x400.png]
[ceramax.netlify.app/assets/plugins/jquery-ui/smoothness/images/ui-bg_glass_65_ffffff_1x400.png]
[ceramax.netlify.app/assets/plugins/jquery-ui/smoothness/images/ui-bg_glass_55_fbf9ee_1x400.png]
[ceramax.netlify.app/assets/plugins/jquery-ui/smoothness/images/ui-bg_glass_95_fef1ec_1x400.png]
[ceramax.netlify.app/assets/plugins/jquery-ui/smoothness/images/ui-icons_222222_256x240.png]
[ceramax.netlify.app/assets/plugins/jquery-ui/smoothness/images/ui-icons_888888_256x240.png]
[ceramax.netlify.app/assets/plugins/jquery-ui/smoothness/images/ui-icons_454545_256x240.png]
[ceramax.netlify.app/assets/plugins/jquery-ui/smoothness/images/ui-icons_2e83ff_256x240.png]
[ceramax.netlify.app/assets/plugins/jquery-ui/smoothness/images/ui-icons_cd0a0a_256x240.png]
[ceramax.netlify.app/assets/plugins/jquery-ui/smoothness/jquery-ui.min.css]
[ceramax.netlify.app/assets/plugins/icheck/skins/minimal/minimal.png]
[ceramax.netlify.app/assets/plugins/icheck/skins/minimal/minimal@2x.png]
[ceramax.netlify.app/assets/plugins/icheck/skins/minimal/minimal.css]
[ceramax.netlify.app/dashboard/mail-sent.html]
[ceramax.netlify.app/dashboard/mail-drafts.html]
[ceramax.netlify.app/dashboard/mail-important.html]
[ceramax.netlify.app/dashboard/mail-trash.html]
[ceramax.netlify.app/assets/plugins/bootstrap3-wysihtml5/css/bootstrap3-wysihtml5.min.css]
[ceramax.netlify.app/assets/plugins/tagsinput/css/bootstrap-tagsinput.css]
[ceramax.netlify.app/assets/plugins/icheck/skins/minimal/white.png]
[ceramax.netlify.app/assets/plugins/icheck/skins/minimal/white@2x.png]
[ceramax.netlify.app/assets/plugins/icheck/skins/minimal/white.css]
[ceramax.netlify.app/dashboard/charts-flot-stacked.html]
[ceramax.netlify.app/assets/plugins/messenger/css/messenger.css]
[ceramax.netlify.app/assets/plugins/messenger/css/messenger-theme-future.css]
[ceramax.netlify.app/assets/plugins/messenger/css/messenger-theme-flat.css]
[ceramax.netlify.app/assets/plugins/icheck/skins/minimal/red.png]
[ceramax.netlify.app/assets/plugins/icheck/skins/minimal/red@2x.png]
[ceramax.netlify.app/assets/plugins/icheck/skins/minimal/green.png]
[ceramax.netlify.app/assets/plugins/icheck/skins/minimal/green@2x.png]
[ceramax.netlify.app/assets/plugins/icheck/skins/minimal/blue.png]
[ceramax.netlify.app/assets/plugins/icheck/skins/minimal/blue@2x.png]
[ceramax.netlify.app/assets/plugins/icheck/skins/minimal/aero.png]
[ceramax.netlify.app/assets/plugins/icheck/skins/minimal/aero@2x.png]
[ceramax.netlify.app/assets/plugins/icheck/skins/minimal/grey.png]
[ceramax.netlify.app/assets/plugins/icheck/skins/minimal/grey@2x.png]
[ceramax.netlify.app/assets/plugins/icheck/skins/minimal/orange.png]
[ceramax.netlify.app/assets/plugins/icheck/skins/minimal/orange@2x.png]
[ceramax.netlify.app/assets/plugins/icheck/skins/minimal/yellow.png]
[ceramax.netlify.app/assets/plugins/icheck/skins/minimal/yellow@2x.png]
[ceramax.netlify.app/assets/plugins/icheck/skins/minimal/pink.png]
[ceramax.netlify.app/assets/plugins/icheck/skins/minimal/pink@2x.png]
[ceramax.netlify.app/assets/plugins/icheck/skins/minimal/purple.png]
[ceramax.netlify.app/assets/plugins/icheck/skins/minimal/purple@2x.png]
[ceramax.netlify.app/assets/plugins/icheck/skins/minimal/_all.css]
[ceramax.netlify.app/assets/plugins/icheck/skins/square/square.png]
[ceramax.netlify.app/assets/plugins/icheck/skins/square/square@2x.png]
[ceramax.netlify.app/assets/plugins/icheck/skins/square/red.png]
[ceramax.netlify.app/assets/plugins/icheck/skins/square/red@2x.png]
[ceramax.netlify.app/assets/plugins/icheck/skins/square/green.png]
[ceramax.netlify.app/assets/plugins/icheck/skins/square/green@2x.png]
[ceramax.netlify.app/assets/plugins/icheck/skins/square/blue.png]
[ceramax.netlify.app/assets/plugins/icheck/skins/square/blue@2x.png]
[ceramax.netlify.app/assets/plugins/icheck/skins/square/aero.png]
[ceramax.netlify.app/assets/plugins/icheck/skins/square/aero@2x.png]
[ceramax.netlify.app/assets/plugins/icheck/skins/square/grey.png]
[ceramax.netlify.app/assets/plugins/icheck/skins/square/grey@2x.png]
[ceramax.netlify.app/assets/plugins/icheck/skins/square/white.png]
[ceramax.netlify.app/assets/plugins/icheck/skins/square/white@2x.png]
[ceramax.netlify.app/assets/plugins/icheck/skins/square/orange.png]
[ceramax.netlify.app/assets/plugins/icheck/skins/square/orange@2x.png]
[ceramax.netlify.app/assets/plugins/icheck/skins/square/yellow.png]
[ceramax.netlify.app/assets/plugins/icheck/skins/square/yellow@2x.png]
[ceramax.netlify.app/assets/plugins/icheck/skins/square/pink.png]
[ceramax.netlify.app/assets/plugins/icheck/skins/square/pink@2x.png]
[ceramax.netlify.app/assets/plugins/icheck/skins/square/purple.png]
[ceramax.netlify.app/assets/plugins/icheck/skins/square/purple@2x.png]
[ceramax.netlify.app/assets/plugins/icheck/skins/square/_all.css]
[ceramax.netlify.app/assets/plugins/icheck/skins/flat/flat.png]
[ceramax.netlify.app/assets/plugins/icheck/skins/flat/flat@2x.png]
[ceramax.netlify.app/assets/plugins/icheck/skins/flat/red.png]
[ceramax.netlify.app/assets/plugins/icheck/skins/flat/red@2x.png]
[ceramax.netlify.app/assets/plugins/icheck/skins/flat/green.png]
[ceramax.netlify.app/assets/plugins/icheck/skins/flat/green@2x.png]
[ceramax.netlify.app/assets/plugins/icheck/skins/flat/blue.png]
[ceramax.netlify.app/assets/plugins/icheck/skins/flat/blue@2x.png]
[ceramax.netlify.app/assets/plugins/icheck/skins/flat/aero.png]
[ceramax.netlify.app/assets/plugins/icheck/skins/flat/aero@2x.png]
[ceramax.netlify.app/assets/plugins/icheck/skins/flat/grey.png]
[ceramax.netlify.app/assets/plugins/icheck/skins/flat/grey@2x.png]
[ceramax.netlify.app/assets/plugins/icheck/skins/flat/orange.png]
[ceramax.netlify.app/assets/plugins/icheck/skins/flat/orange@2x.png]
[ceramax.netlify.app/assets/plugins/icheck/skins/flat/yellow.png]
[ceramax.netlify.app/assets/plugins/icheck/skins/flat/yellow@2x.png]
[ceramax.netlify.app/assets/plugins/icheck/skins/flat/pink.png]
[ceramax.netlify.app/assets/plugins/icheck/skins/flat/pink@2x.png]
[ceramax.netlify.app/assets/plugins/icheck/skins/flat/purple.png]
[ceramax.netlify.app/assets/plugins/icheck/skins/flat/purple@2x.png]
[ceramax.netlify.app/assets/plugins/icheck/skins/flat/_all.css]
[ceramax.netlify.app/assets/plugins/icheck/skins/line/line.png]
[ceramax.netlify.app/assets/plugins/icheck/skins/line/line@2x.png]
[ceramax.netlify.app/assets/plugins/icheck/skins/line/_all.css]
